Common.h
// c++ system headers
#include <sstream>
#include <fstream>
#include <iterator>
#include <set>
#include <vector>
#include <algorithm>

// llvm headers
#include <llvm/Module.h>
#include <llvm/Function.h>
#include <llvm/BasicBlock.h>
#include <llvm/Instruction.h>
#include <llvm/Instructions.h>
#include <llvm/DataLayout.h>
#include <llvm/Argument.h>
#include <llvm/Support/InstIterator.h>
#include <llvm/Support/raw_ostream.h>
#include <llvm/Support/Debug.h>
#include <llvm/Instructions.h>
#include <llvm/Support/CommandLine.h>
#include <llvm/Support/Debug.h>
#include <llvm/LLVMContext.h>
#include <llvm/Constants.h>

CLData.h 
#include "Common.h"

CtrlFaults.h 
#include "CLData.h"
#include "FaultInjector.h"
#include "FunctionList.h"

FaultInjector.h
#include "CLData.h"
#include "FunctionList.h"
#include "IntrinsicsDef.h"
#include "SiteSelector.h"

FunctionList.h
#include <llvm/Module.h>
#include "CLData.h"
#include <cxxabi.h>

CtrlInstrList
#include "CLData.h"
#include "InstrList.h"


InstrList.h
#include <llvm/Instructions.h>
#include "Common.h"
#include "CLData.h"
#include "Slice.h"
#include "InstructionType.h"























